******************************************************************************
             TMS320C2000 Linker PC v22.6.1                     
******************************************************************************
>> Linked Mon Sep 14 15:31:13 2026

OUTPUT FILE NAME:   <DSP_To_PC_Comm_PuTTy.out>
ENTRY POINT SYMBOL: "code_start"  address: 00080000


MEMORY CONFIGURATION

         name            origin    length      used     unused   attr    fill
----------------------  --------  ---------  --------  --------  ----  --------
PAGE 0:
  RAMM0                 00000123   000002dd  00000000  000002dd  RWIX
  RAMLS0                00008000   00000800  00000128  000006d8  RWIX
  RAMLS1                00008800   00000800  00000000  00000800  RWIX
  RAMLS2                00009000   00000800  00000000  00000800  RWIX
  RAMLS3                00009800   00000800  00000000  00000800  RWIX
  RAMLS4                0000a000   00000800  00000000  00000800  RWIX
  RAMD0                 0000b000   00000800  00000000  00000800  RWIX
  RAMGS14               0001a000   00001000  00000000  00001000  RWIX
  RAMGS15               0001b000   00000ff8  00000000  00000ff8  RWIX
  BEGIN                 00080000   00000002  00000002  00000000  RWIX
  FLASHA                00080002   00001ffe  00000000  00001ffe  RWIX
  FLASHB                00082000   00002000  00000d08  000012f8  RWIX
  FLASHC                00084000   00002000  00000000  00002000  RWIX
  FLASHD                00086000   00002000  00000128  00001ed8  RWIX
  FLASHE                00088000   00008000  00000000  00008000  RWIX
  FLASHF                00090000   00008000  0000034b  00007cb5  RWIX
  FLASHG                00098000   00008000  00000000  00008000  RWIX
  FLASHH                000a0000   00008000  00000000  00008000  RWIX
  FLASHI                000a8000   00008000  00000000  00008000  RWIX
  FLASHJ                000b0000   00008000  00000000  00008000  RWIX
  FLASHK                000b8000   00002000  00000000  00002000  RWIX
  FLASHL                000ba000   00002000  00000000  00002000  RWIX
  FLASHM                000bc000   00002000  00000000  00002000  RWIX
  FLASHN                000be000   00001ff0  00000000  00001ff0  RWIX
  RESET                 003fffc0   00000002  00000000  00000002  RWIX

PAGE 1:
  BOOT_RSVD             00000002   00000121  00000000  00000121  RWIX
  RAMM1                 00000400   000003f8  00000100  000002f8  RWIX
  RAMLS5                0000a800   00000800  00000014  000007ec  RWIX
  RAMD1                 0000b800   00000800  00000000  00000800  RWIX
  RAMGS0                0000c000   00001000  00000000  00001000  RWIX
  RAMGS1                0000d000   00001000  00000000  00001000  RWIX
  RAMGS2                0000e000   00001000  00000000  00001000  RWIX
  RAMGS3                0000f000   00001000  00000000  00001000  RWIX
  RAMGS4                00010000   00001000  00000000  00001000  RWIX
  RAMGS5                00011000   00001000  00000000  00001000  RWIX
  RAMGS6                00012000   00001000  00000000  00001000  RWIX
  RAMGS7                00013000   00001000  00000000  00001000  RWIX
  RAMGS8                00014000   00001000  00000000  00001000  RWIX
  RAMGS9                00015000   00001000  00000000  00001000  RWIX
  RAMGS10               00016000   00001000  00000000  00001000  RWIX
  RAMGS11               00017000   00001000  00000000  00001000  RWIX
  RAMGS12               00018000   00001000  00000000  00001000  RWIX
  RAMGS13               00019000   00001000  00000000  00001000  RWIX
  CPU2TOCPU1RAM         0003f800   00000400  00000000  00000400  RWIX
  CPU1TOCPU2RAM         0003fc00   00000400  00000000  00000400  RWIX


SECTION ALLOCATION MAP

 output                                  attributes/
section   page    origin      length       input sections
--------  ----  ----------  ----------   ----------------
codestart 
*          0    00080000    00000002     
                  00080000    00000002     F2837xD_CodeStartBranch.obj (codestart)

.cinit     0    00082cf8    00000014     
                  00082cf8    0000000b     (.cinit..data.load) [load image, compression = lzss]
                  00082d03    00000001     --HOLE-- [fill = 0]
                  00082d04    00000004     (__TI_handler_table)
                  00082d08    00000004     (__TI_cinit_table)

.stack     1    00000400    00000100     UNINITIALIZED
                  00000400    00000100     --HOLE--

.reset     0    003fffc0    00000000     DSECT

.init_array 
*          0    00082000    00000000     UNINITIALIZED

.data      1    0000a800    00000014     UNINITIALIZED
                  0000a800    00000006     device.obj (.data)
                  0000a806    00000006     rts2800_fpu32_eabi.lib : exit.c.obj (.data)
                  0000a80c    00000004     step1_transmit_main.obj (.data)
                  0000a810    00000002     rts2800_fpu32_eabi.lib : _lock.c.obj (.data:_lock)
                  0000a812    00000002                            : _lock.c.obj (.data:_unlock)

.const     0    00090000    0000034b     
                  00090000    000000c2     driverlib_eabi.lib : sysctl.obj (.const:.string)
                  000900c2    000000bf                        : flash.obj (.const:.string)
                  00090181    00000001     --HOLE-- [fill = 0]
                  00090182    000000bc                        : gpio.obj (.const:.string)
                  0009023e    000000bb                        : sci.obj (.const:.string)
                  000902f9    00000001     --HOLE-- [fill = 0]
                  000902fa    0000003d     step1_transmit_main.obj (.const:.string)
                  00090337    00000001     --HOLE-- [fill = 0]
                  00090338    00000013     device.obj (.const:.string)

.TI.ramfunc 
*          0    00086000    00000128     RUN ADDR = 00008000
                  00086000    00000043     driverlib_eabi.lib : flash.obj (.TI.ramfunc:Flash_initModule)
                  00086043    0000002c                        : flash.obj (.TI.ramfunc:Flash_setBankPowerMode)
                  0008606f    00000024                        : flash.obj (.TI.ramfunc:Flash_setWaitstates)
                  00086093    0000001d                        : flash.obj (.TI.ramfunc:Flash_setPumpPowerMode)
                  000860b0    00000018                        : flash.obj (.TI.ramfunc:Flash_disableCache)
                  000860c8    00000018                        : flash.obj (.TI.ramfunc:Flash_disablePrefetch)
                  000860e0    00000017                        : flash.obj (.TI.ramfunc:Flash_enableCache)
                  000860f7    00000017                        : flash.obj (.TI.ramfunc:Flash_enablePrefetch)
                  0008610e    00000016                        : flash.obj (.TI.ramfunc:Flash_enableECC)
                  00086124    00000004                        : sysctl.obj (.TI.ramfunc)

GETBUFFER 
*          0    0003f800    00000000     DSECT

GETWRITEIDX 
*          0    0003f800    00000000     DSECT

PUTREADIDX 
*          0    0003f800    00000000     DSECT

.text      0    00082000    00000cf4     
                  00082000    000003fc     device.obj (.text)
                  000823fc    00000209     driverlib_eabi.lib : sysctl.obj (.text:SysCtl_setClock)
                  00082605    00000143     step1_transmit_main.obj (.text)
                  00082748    00000090     driverlib_eabi.lib : sysctl.obj (.text:SysCtl_selectXTAL)
                  000827d8    00000088     rts2800_fpu32_eabi.lib : fs_div28.asm.obj (.text)
                  00082860    00000068     driverlib_eabi.lib : sysctl.obj (.text:SysCtl_getDeviceParametric)
                  000828c8    00000051                        : sysctl.obj (.text:SysCtl_getClock)
                  00082919    00000048                        : sysctl.obj (.text:SysCtl_selectOscSource)
                  00082961    0000003e                        : sci.obj (.text:SCI_setConfig)
                  0008299f    00000037                        : gpio.obj (.text:GPIO_setControllerCore)
                  000829d6    00000037                        : gpio.obj (.text:GPIO_setPinConfig)
                  00082a0d    00000037                        : gpio.obj (.text:GPIO_setQualificationMode)
                  00082a44    00000031                        : gpio.obj (.text:GPIO_setDirectionMode)
                  00082a75    00000030     rts2800_fpu32_eabi.lib : copy_decompress_lzss.c.obj (.text:decompress:lzss)
                  00082aa5    0000002b                            : autoinit.c.obj (.text:__TI_auto_init_nobinit_nopinit)
                  00082ad0    00000029                            : exit.c.obj (.text)
                  00082af9    00000028     driverlib_eabi.lib : sysctl.obj (.text:CPUTimer_selectClockSource)
                  00082b21    00000026                        : flash.obj (.text:Flash_setBankPowerUpDelay)
                  00082b47    0000001f                        : sysctl.obj (.text:CPUTimer_getTimerOverflowStatus)
                  00082b66    0000001d     rts2800_fpu32_eabi.lib : memcpy.c.obj (.text)
                  00082b83    0000001b     driverlib_eabi.lib : sci.obj (.text:SCI_isBaseValid)
                  00082b9e    0000001a                        : sysctl.obj (.text:CPUTimer_startTimer)
                  00082bb8    0000001a                        : sysctl.obj (.text:SysCtl_getLowSpeedClock)
                  00082bd2    00000018                        : sci.obj (.text:SCI_disableModule)
                  00082bea    00000017                        : sysctl.obj (.text:CPUTimer_isBaseValid)
                  00082c01    00000017     rts2800_fpu32_eabi.lib : boot28.asm.obj (.text)
                  00082c18    00000014     driverlib_eabi.lib : sysctl.obj (.text:CPUTimer_stopTimer)
                  00082c2c    00000013                        : sci.obj (.text:SCI_enableModule)
                  00082c3f    00000012                        : sysctl.obj (.text:CPUTimer_clearOverflowFlag)
                  00082c51    00000012                        : sysctl.obj (.text:CPUTimer_disableInterrupt)
                  00082c63    00000011                        : sysctl.obj (.text:CPUTimer_setPeriod)
                  00082c74    00000010                        : flash.obj (.text:Flash_isCtrlBaseValid)
                  00082c84    00000010                        : flash.obj (.text:Flash_isECCBaseValid)
                  00082c94    0000000f                        : sysctl.obj (.text:SysCtl_pollCpuTimer)
                  00082ca3    0000000e                        : gpio.obj (.text:GPIO_isPinValid)
                  00082cb1    0000000c     rts2800_fpu32_eabi.lib : args_main.c.obj (.text)
                  00082cbd    0000000b     driverlib_eabi.lib : sysctl.obj (.text:SysCtl_isMCDClockFailureDetected)
                  00082cc8    00000009                        : sysctl.obj (.text:SysCtl_serviceWatchdog)
                  00082cd1    00000009     rts2800_fpu32_eabi.lib : _lock.c.obj (.text)
                  00082cda    00000008     F2837xD_CodeStartBranch.obj (.text)
                  00082ce2    00000008     rts2800_fpu32_eabi.lib : copy_decompress_none.c.obj (.text:decompress:none)
                  00082cea    00000007     driverlib_eabi.lib : sysctl.obj (.text:SysCtl_resetMCD)
                  00082cf1    00000002     rts2800_fpu32_eabi.lib : pre_init.c.obj (.text)
                  00082cf3    00000001                            : startup.c.obj (.text)

MODULE SUMMARY

       Module                        code   ro data   rw data
       ------                        ----   -------   -------
    .\
       step1_transmit_main.obj       323    61        4      
    +--+-----------------------------+------+---------+---------+
       Total:                        323    61        4      
                                                             
    .\device\
       device.obj                    1020   19        6      
       F2837xD_CodeStartBranch.obj   10     0         0      
    +--+-----------------------------+------+---------+---------+
       Total:                        1030   19        6      
                                                             
    C:\ti\C2000Ware_6_00_00_00\driverlib\f2837xd\driverlib\ccs\Debug\driverlib_eabi.lib
       sysctl.obj                    1191   194       0      
       flash.obj                     654    191       0      
       gpio.obj                      228    188       0      
       sci.obj                       132    187       0      
    +--+-----------------------------+------+---------+---------+
       Total:                        2205   760       0      
                                                             
    C:\ti\ccs1281\ccs\tools\compiler\ti-cgt-c2000_22.6.1.LTS\lib\rts2800_fpu32_eabi.lib
       fs_div28.asm.obj              136    0         0      
       copy_decompress_lzss.c.obj    48     0         0      
       exit.c.obj                    41     0         6      
       autoinit.c.obj                43     0         0      
       memcpy.c.obj                  29     0         0      
       boot28.asm.obj                23     0         0      
       _lock.c.obj                   9      0         4      
       args_main.c.obj               12     0         0      
       copy_decompress_none.c.obj    8      0         0      
       pre_init.c.obj                2      0         0      
       startup.c.obj                 1      0         0      
    +--+-----------------------------+------+---------+---------+
       Total:                        352    0         10     
                                                             
       Stack:                        0      0         256    
       Linker Generated:             0      19        0      
    +--+-----------------------------+------+---------+---------+
       Grand Total:                  3910   859       276    


LINKER GENERATED COPY TABLES

__TI_cinit_table @ 00082d08 records: 1, size/record: 4, table size: 4
	.data: load addr=00082cf8, load size=0000000b bytes, run addr=0000a800, run size=00000014 bytes, compression=lzss


LINKER GENERATED HANDLER TABLE

__TI_handler_table @ 00082d04 records: 2, size/record: 2, table size: 4
	index: 0, handler: __TI_decompress_lzss
	index: 1, handler: __TI_decompress_none


GLOBAL DATA SYMBOLS: SORTED BY DATA PAGE

address     data page           name
--------    ----------------    ----
00000400      10 (00000400)     __stack

0000a800     2a0 (0000a800)     Example_Result
0000a802     2a0 (0000a800)     Example_PassCount
0000a804     2a0 (0000a800)     Example_Fail
0000a806     2a0 (0000a800)     __TI_enable_exit_profile_output
0000a808     2a0 (0000a800)     __TI_cleanup_ptr
0000a80a     2a0 (0000a800)     __TI_dtors_ptr
0000a80c     2a0 (0000a800)     lastByte
0000a80e     2a0 (0000a800)     rxByteCount
0000a810     2a0 (0000a800)     _lock
0000a812     2a0 (0000a800)     _unlock


GLOBAL SYMBOLS: SORTED ALPHABETICALLY BY Name 

page  address   name                                     
----  -------   ----                                     
0     00082ad0  C$$EXIT                                  
0     00082270  Device_bootCPU2                          
0     0008223f  Device_configureTMXAnalogTrim            
0     000820ed  Device_enableAllPeripherals              
0     00082229  Device_enableUnbondedGPIOPullups         
0     0008220c  Device_enableUnbondedGPIOPullupsFor100Pin
0     000821f9  Device_enableUnbondedGPIOPullupsFor176Pin
0     0008209a  Device_init                              
0     000821d8  Device_initGPIO                          
1     0000a804  Example_Fail                             
1     0000a802  Example_PassCount                        
1     0000a800  Example_Result                           
0     000823fb  Example_done                             
0     000823f6  Example_setResultFail                    
0     000823f1  Example_setResultPass                    
0     00008000  Flash_initModule                         
0     0008299f  GPIO_setControllerCore                   
0     00082a44  GPIO_setDirectionMode                    
0     000829d6  GPIO_setPinConfig                        
0     00082a0d  GPIO_setQualificationMode                
0     00086128  RamfuncsLoadEnd                          
abs   00000128  RamfuncsLoadSize                         
0     00086000  RamfuncsLoadStart                        
0     00008128  RamfuncsRunEnd                           
abs   00000128  RamfuncsRunSize                          
0     00008000  RamfuncsRunStart                         
0     00082961  SCI_setConfig                            
0     00008124  SysCtl_delay                             
0     000828c8  SysCtl_getClock                          
0     00082860  SysCtl_getDeviceParametric               
0     00082bb8  SysCtl_getLowSpeedClock                  
0     00082919  SysCtl_selectOscSource                   
0     00082748  SysCtl_selectXTAL                        
0     000823fc  SysCtl_setClock                          
0     00082d08  __TI_CINIT_Base                          
0     00082d0c  __TI_CINIT_Limit                         
0     00082d0c  __TI_CINIT_Warm                          
0     00082d04  __TI_Handler_Table_Base                  
0     00082d08  __TI_Handler_Table_Limit                 
1     00000500  __TI_STACK_END                           
abs   00000100  __TI_STACK_SIZE                          
0     00082aa5  __TI_auto_init_nobinit_nopinit           
1     0000a808  __TI_cleanup_ptr                         
0     00082a75  __TI_decompress_lzss                     
0     00082ce2  __TI_decompress_none                     
1     0000a80a  __TI_dtors_ptr                           
1     0000a806  __TI_enable_exit_profile_output          
abs   ffffffff  __TI_pprof_out_hndl                      
abs   ffffffff  __TI_prof_data_size                      
abs   ffffffff  __TI_prof_data_start                     
0     000827d8  __c28xabi_divf                           
n/a   UNDEFED   __c_args__                               
0     000823ea  __error__                                
1     00000400  __stack                                  
0     00082cb1  _args_main                               
0     00082c01  _c_int00                                 
1     0000a810  _lock                                    
0     00082cd9  _nop                                     
0     00082cd5  _register_lock                           
0     00082cd1  _register_unlock                         
0     00082cf3  _system_post_cinit                       
0     00082cf1  _system_pre_init                         
1     0000a812  _unlock                                  
0     00082ad0  abort                                    
0     00080000  code_start                               
0     00082ad2  exit                                     
1     0000a80c  lastByte                                 
0     00082707  main                                     
0     00082b66  memcpy                                   
1     0000a80e  rxByteCount                              


GLOBAL SYMBOLS: SORTED BY Symbol Address 

page  address   name                                     
----  -------   ----                                     
0     00008000  Flash_initModule                         
0     00008000  RamfuncsRunStart                         
0     00008124  SysCtl_delay                             
0     00008128  RamfuncsRunEnd                           
0     00080000  code_start                               
0     0008209a  Device_init                              
0     000820ed  Device_enableAllPeripherals              
0     000821d8  Device_initGPIO                          
0     000821f9  Device_enableUnbondedGPIOPullupsFor176Pin
0     0008220c  Device_enableUnbondedGPIOPullupsFor100Pin
0     00082229  Device_enableUnbondedGPIOPullups         
0     0008223f  Device_configureTMXAnalogTrim            
0     00082270  Device_bootCPU2                          
0     000823ea  __error__                                
0     000823f1  Example_setResultPass                    
0     000823f6  Example_setResultFail                    
0     000823fb  Example_done                             
0     000823fc  SysCtl_setClock                          
0     00082707  main                                     
0     00082748  SysCtl_selectXTAL                        
0     000827d8  __c28xabi_divf                           
0     00082860  SysCtl_getDeviceParametric               
0     000828c8  SysCtl_getClock                          
0     00082919  SysCtl_selectOscSource                   
0     00082961  SCI_setConfig                            
0     0008299f  GPIO_setControllerCore                   
0     000829d6  GPIO_setPinConfig                        
0     00082a0d  GPIO_setQualificationMode                
0     00082a44  GPIO_setDirectionMode                    
0     00082a75  __TI_decompress_lzss                     
0     00082aa5  __TI_auto_init_nobinit_nopinit           
0     00082ad0  C$$EXIT                                  
0     00082ad0  abort                                    
0     00082ad2  exit                                     
0     00082b66  memcpy                                   
0     00082bb8  SysCtl_getLowSpeedClock                  
0     00082c01  _c_int00                                 
0     00082cb1  _args_main                               
0     00082cd1  _register_unlock                         
0     00082cd5  _register_lock                           
0     00082cd9  _nop                                     
0     00082ce2  __TI_decompress_none                     
0     00082cf1  _system_pre_init                         
0     00082cf3  _system_post_cinit                       
0     00082d04  __TI_Handler_Table_Base                  
0     00082d08  __TI_CINIT_Base                          
0     00082d08  __TI_Handler_Table_Limit                 
0     00082d0c  __TI_CINIT_Limit                         
0     00082d0c  __TI_CINIT_Warm                          
0     00086000  RamfuncsLoadStart                        
0     00086128  RamfuncsLoadEnd                          
1     00000400  __stack                                  
1     00000500  __TI_STACK_END                           
1     0000a800  Example_Result                           
1     0000a802  Example_PassCount                        
1     0000a804  Example_Fail                             
1     0000a806  __TI_enable_exit_profile_output          
1     0000a808  __TI_cleanup_ptr                         
1     0000a80a  __TI_dtors_ptr                           
1     0000a80c  lastByte                                 
1     0000a80e  rxByteCount                              
1     0000a810  _lock                                    
1     0000a812  _unlock                                  
abs   00000100  __TI_STACK_SIZE                          
abs   00000128  RamfuncsLoadSize                         
abs   00000128  RamfuncsRunSize                          
abs   ffffffff  __TI_pprof_out_hndl                      
abs   ffffffff  __TI_prof_data_size                      
abs   ffffffff  __TI_prof_data_start                     
n/a   UNDEFED   __c_args__                               

[70 symbols]
