******************************************************************************
             TMS320C2000 Linker PC v22.6.1                     
******************************************************************************
>> Linked Tue Sep  1 12:59:20 2026

OUTPUT FILE NAME:   <sci_ex2_loopback_interrupts.out>
ENTRY POINT SYMBOL: "code_start"  address: 00080000


MEMORY CONFIGURATION

         name            origin    length      used     unused   attr    fill
----------------------  --------  ---------  --------  --------  ----  --------
PAGE 0:
  RAMM0                 00000123   000002dd  00000000  000002dd  RWIX
  RAMLS0                00008000   00000800  00000128  000006d8  RWIX
  RAMLS1                00008800   00000800  00000000  00000800  RWIX
  RAMLS2                00009000   00000800  00000000  00000800  RWIX
  RAMLS3                00009800   00000800  00000000  00000800  RWIX
  RAMLS4                0000a000   00000800  00000000  00000800  RWIX
  RAMD0                 0000b000   00000800  00000000  00000800  RWIX
  RAMGS14               0001a000   00001000  00000000  00001000  RWIX
  RAMGS15               0001b000   00000ff8  00000000  00000ff8  RWIX
  BEGIN                 00080000   00000002  00000002  00000000  RWIX
  FLASHA                00080002   00001ffe  00000000  00001ffe  RWIX
  FLASHB                00082000   00002000  00001f3f  000000c1  RWIX
  FLASHC                00084000   00002000  00000000  00002000  RWIX
  FLASHD                00086000   00002000  00000128  00001ed8  RWIX
  FLASHE                00088000   00008000  00000000  00008000  RWIX
  FLASHF                00090000   00008000  000004d0  00007b30  RWIX
  FLASHG                00098000   00008000  00000000  00008000  RWIX
  FLASHH                000a0000   00008000  00000000  00008000  RWIX
  FLASHI                000a8000   00008000  00000000  00008000  RWIX
  FLASHJ                000b0000   00008000  00000000  00008000  RWIX
  FLASHK                000b8000   00002000  00000000  00002000  RWIX
  FLASHL                000ba000   00002000  00000000  00002000  RWIX
  FLASHM                000bc000   00002000  00000000  00002000  RWIX
  FLASHN                000be000   00001ff0  00000000  00001ff0  RWIX
  RESET                 003fffc0   00000002  00000000  00000002  RWIX

PAGE 1:
  BOOT_RSVD             00000002   00000121  00000000  00000121  RWIX
  RAMM1                 00000400   000003f8  00000100  000002f8  RWIX
  RAMLS5                0000a800   00000800  00000012  000007ee  RWIX
  RAMD1                 0000b800   00000800  00000000  00000800  RWIX
  RAMGS0                0000c000   00001000  00000000  00001000  RWIX
  RAMGS1                0000d000   00001000  00000000  00001000  RWIX
  RAMGS2                0000e000   00001000  00000000  00001000  RWIX
  RAMGS3                0000f000   00001000  00000000  00001000  RWIX
  RAMGS4                00010000   00001000  00000000  00001000  RWIX
  RAMGS5                00011000   00001000  00000000  00001000  RWIX
  RAMGS6                00012000   00001000  00000000  00001000  RWIX
  RAMGS7                00013000   00001000  00000000  00001000  RWIX
  RAMGS8                00014000   00001000  00000000  00001000  RWIX
  RAMGS9                00015000   00001000  00000000  00001000  RWIX
  RAMGS10               00016000   00001000  00000000  00001000  RWIX
  RAMGS11               00017000   00001000  00000000  00001000  RWIX
  RAMGS12               00018000   00001000  00000000  00001000  RWIX
  RAMGS13               00019000   00001000  00000000  00001000  RWIX
  CPU2TOCPU1RAM         0003f800   00000400  00000000  00000400  RWIX
  CPU1TOCPU2RAM         0003fc00   00000400  00000000  00000400  RWIX


SECTION ALLOCATION MAP

 output                                  attributes/
section   page    origin      length       input sections
--------  ----  ----------  ----------   ----------------
codestart 
*          0    00080000    00000002     
                  00080000    00000002     F2837xD_CodeStartBranch.obj (codestart)

.cinit     0    00083f30    00000014     
                  00083f30    0000000b     (.cinit..data.load) [load image, compression = lzss]
                  00083f3b    00000001     --HOLE-- [fill = 0]
                  00083f3c    00000004     (__TI_handler_table)
                  00083f40    00000004     (__TI_cinit_table)

.stack     1    00000400    00000100     UNINITIALIZED
                  00000400    00000100     --HOLE--

.reset     0    003fffc0    00000000     DSECT

.init_array 
*          0    00082000    00000000     UNINITIALIZED

.data      1    0000a800    00000012     UNINITIALIZED
                  0000a800    00000006     device.obj (.data)
                  0000a806    00000006     rts2800_fpu32_eabi.lib : exit.c.obj (.data)
                  0000a80c    00000002                            : _lock.c.obj (.data:_lock)
                  0000a80e    00000002                            : _lock.c.obj (.data:_unlock)
                  0000a810    00000001                            : errno.c.obj (.data)
                  0000a811    00000001     sci_ex2_loopback_interrupts.obj (.data)

.const     0    00090000    000004d0     
                  00090000    00000101     rts2800_fpu32_eabi.lib : ctype.c.obj (.const:.string:_ctypes_)
                  00090101    00000001     --HOLE-- [fill = 0]
                  00090102    000000c2     driverlib_eabi.lib : sysctl.obj (.const:.string)
                  000901c4    000000bf                        : flash.obj (.const:.string)
                  00090283    00000001     --HOLE-- [fill = 0]
                  00090284    000000bc                        : gpio.obj (.const:.string)
                  00090340    000000bb                        : sci.obj (.const:.string)
                  000903fb    00000001     --HOLE-- [fill = 0]
                  000903fc    00000059     sci_ex2_loopback_interrupts.obj (.const:.string)
                  00090455    00000001     --HOLE-- [fill = 0]
                  00090456    00000026     rts2800_fpu32_eabi.lib : _printfi.c.obj (.const:.string)
                  0009047c    0000001c                            : _printfi.c.obj (.const)
                  00090498    0000001c                            : s_scalbn.c.obj (.const)
                  000904b4    00000013     device.obj (.const:.string)
                  000904c7    00000001     --HOLE-- [fill = 0]
                  000904c8    00000008     rts2800_fpu32_eabi.lib : s_frexp.c.obj (.const)

.TI.ramfunc 
*          0    00086000    00000128     RUN ADDR = 00008000
                  00086000    00000043     driverlib_eabi.lib : flash.obj (.TI.ramfunc:Flash_initModule)
                  00086043    0000002c                        : flash.obj (.TI.ramfunc:Flash_setBankPowerMode)
                  0008606f    00000024                        : flash.obj (.TI.ramfunc:Flash_setWaitstates)
                  00086093    0000001d                        : flash.obj (.TI.ramfunc:Flash_setPumpPowerMode)
                  000860b0    00000018                        : flash.obj (.TI.ramfunc:Flash_disableCache)
                  000860c8    00000018                        : flash.obj (.TI.ramfunc:Flash_disablePrefetch)
                  000860e0    00000017                        : flash.obj (.TI.ramfunc:Flash_enableCache)
                  000860f7    00000017                        : flash.obj (.TI.ramfunc:Flash_enablePrefetch)
                  0008610e    00000016                        : flash.obj (.TI.ramfunc:Flash_enableECC)
                  00086124    00000004                        : sysctl.obj (.TI.ramfunc)

GETBUFFER 
*          0    0003f800    00000000     DSECT

GETWRITEIDX 
*          0    0003f800    00000000     DSECT

PUTREADIDX 
*          0    0003f800    00000000     DSECT

.text      0    00082000    00001f2b     
                  00082000    000006c2     rts2800_fpu32_eabi.lib : _printfi.c.obj (.text)
                  000826c2    00000614                            : _printfi.c.obj (.text:__TI_printfi)
                  00082cd6    000003fc     device.obj (.text)
                  000830d2    00000209     driverlib_eabi.lib : sysctl.obj (.text:SysCtl_setClock)
                  000832db    00000107     rts2800_fpu32_eabi.lib : ll_div28.asm.obj (.text)
                  000833e2    000000e4     sci_ex2_loopback_interrupts.obj (.text)
                  000834c6    000000a9     rts2800_fpu32_eabi.lib : s_scalbn.c.obj (.text)
                  0008356f    0000009c                            : fd_add28.asm.obj (.text)
                  0008360b    00000090     driverlib_eabi.lib : sysctl.obj (.text:SysCtl_selectXTAL)
                  0008369b    0000008b     rts2800_fpu32_eabi.lib : fd_div28.asm.obj (.text)
                  00083726    00000088                            : fs_div28.asm.obj (.text)
                  000837ae    00000083                            : fd_mpy28.asm.obj (.text)
                  00083831    00000068     driverlib_eabi.lib : sysctl.obj (.text:SysCtl_getDeviceParametric)
                  00083899    0000005a     rts2800_fpu32_eabi.lib : s_frexp.c.obj (.text)
                  000838f3    00000051     driverlib_eabi.lib : sysctl.obj (.text:SysCtl_getClock)
                  00083944    00000048                        : sysctl.obj (.text:SysCtl_selectOscSource)
                  0008398c    0000003e                        : sci.obj (.text:SCI_setConfig)
                  000839ca    00000037                        : gpio.obj (.text:GPIO_setControllerCore)
                  00083a01    00000037                        : gpio.obj (.text:GPIO_setPinConfig)
                  00083a38    00000037                        : gpio.obj (.text:GPIO_setQualificationMode)
                  00083a6f    00000032     rts2800_fpu32_eabi.lib : sprintf.c.obj (.text)
                  00083aa1    00000031     driverlib_eabi.lib : gpio.obj (.text:GPIO_setDirectionMode)
                  00083ad2    00000031     rts2800_fpu32_eabi.lib : atoi.c.obj (.text)
                  00083b03    00000030                            : copy_decompress_lzss.c.obj (.text:decompress:lzss)
                  00083b33    00000030                            : _ltoa.c.obj (.text)
                  00083b63    0000002b                            : autoinit.c.obj (.text:__TI_auto_init_nobinit_nopinit)
                  00083b8e    0000002a                            : fd_cmp28.asm.obj (.text)
                  00083bb8    0000002a                            : l_div28.asm.obj (.text)
                  00083be2    00000029                            : exit.c.obj (.text)
                  00083c0b    00000028     driverlib_eabi.lib : sysctl.obj (.text:CPUTimer_selectClockSource)
                  00083c33    00000026                        : flash.obj (.text:Flash_setBankPowerUpDelay)
                  00083c59    00000024     rts2800_fpu32_eabi.lib : s_copysign.c.obj (.text)
                  00083c7d    00000021                            : fd_toi28.asm.obj (.text)
                  00083c9e    0000001f     driverlib_eabi.lib : sysctl.obj (.text:CPUTimer_getTimerOverflowStatus)
                  00083cbd    0000001f     rts2800_fpu32_eabi.lib : fd_tol28.asm.obj (.text)
                  00083cdc    0000001e                            : ll_cmp28.asm.obj (.text)
                  00083cfa    0000001d                            : i_tofd28.asm.obj (.text)
                  00083d17    0000001d                            : memcpy.c.obj (.text)
                  00083d34    0000001c                            : l_tofd28.asm.obj (.text)
                  00083d50    0000001b     driverlib_eabi.lib : sci.obj (.text:SCI_isBaseValid)
                  00083d6b    0000001a                        : sysctl.obj (.text:CPUTimer_startTimer)
                  00083d85    0000001a                        : sysctl.obj (.text:SysCtl_getLowSpeedClock)
                  00083d9f    00000018                        : sci.obj (.text:SCI_disableModule)
                  00083db7    00000018     rts2800_fpu32_eabi.lib : ll_aox28.asm.obj (.text)
                  00083dcf    00000017     driverlib_eabi.lib : sysctl.obj (.text:CPUTimer_isBaseValid)
                  00083de6    00000017     rts2800_fpu32_eabi.lib : boot28.asm.obj (.text)
                  00083dfd    00000014     driverlib_eabi.lib : sysctl.obj (.text:CPUTimer_stopTimer)
                  00083e11    00000013                        : sci.obj (.text:SCI_enableModule)
                  00083e24    00000012                        : sysctl.obj (.text:CPUTimer_clearOverflowFlag)
                  00083e36    00000012                        : sysctl.obj (.text:CPUTimer_disableInterrupt)
                  00083e48    00000011                        : sysctl.obj (.text:CPUTimer_setPeriod)
                  00083e59    00000010                        : flash.obj (.text:Flash_isCtrlBaseValid)
                  00083e69    00000010                        : flash.obj (.text:Flash_isECCBaseValid)
                  00083e79    00000010     rts2800_fpu32_eabi.lib : memccpy.c.obj (.text)
                  00083e89    0000000f     driverlib_eabi.lib : sysctl.obj (.text:SysCtl_pollCpuTimer)
                  00083e98    0000000e                        : gpio.obj (.text:GPIO_isPinValid)
                  00083ea6    0000000e     rts2800_fpu32_eabi.lib : fd_sub28.asm.obj (.text)
                  00083eb4    0000000c                            : args_main.c.obj (.text)
                  00083ec0    0000000c                            : strchr.c.obj (.text)
                  00083ecc    0000000b     driverlib_eabi.lib : sysctl.obj (.text:SysCtl_isMCDClockFailureDetected)
                  00083ed7    0000000b     rts2800_fpu32_eabi.lib : wcslen.c.obj (.text)
                  00083ee2    00000009     driverlib_eabi.lib : sysctl.obj (.text:SysCtl_serviceWatchdog)
                  00083eeb    00000009     rts2800_fpu32_eabi.lib : _lock.c.obj (.text)
                  00083ef4    00000009                            : fd_neg28.asm.obj (.text)
                  00083efd    00000008     F2837xD_CodeStartBranch.obj (.text)
                  00083f05    00000008     rts2800_fpu32_eabi.lib : copy_decompress_none.c.obj (.text:decompress:none)
                  00083f0d    00000008                            : strlen.c.obj (.text)
                  00083f15    00000007     driverlib_eabi.lib : sysctl.obj (.text:SysCtl_resetMCD)
                  00083f1c    00000007     rts2800_fpu32_eabi.lib : memset.c.obj (.text)
                  00083f23    00000005                            : strcpy.c.obj (.text)
                  00083f28    00000002                            : pre_init.c.obj (.text)
                  00083f2a    00000001                            : startup.c.obj (.text)

MODULE SUMMARY

       Module                            code   ro data   rw data
       ------                            ----   -------   -------
    .\
       sci_ex2_loopback_interrupts.obj   228    89        1      
    +--+---------------------------------+------+---------+---------+
       Total:                            228    89        1      
                                                                 
    .\device\
       device.obj                        1020   19        6      
       F2837xD_CodeStartBranch.obj       10     0         0      
    +--+---------------------------------+------+---------+---------+
       Total:                            1030   19        6      
                                                                 
    C:\ti\C2000Ware_6_00_00_00\driverlib\f2837xd\driverlib\ccs\Debug\driverlib_eabi.lib
       sysctl.obj                        1191   194       0      
       flash.obj                         654    191       0      
       gpio.obj                          228    188       0      
       sci.obj                           132    187       0      
    +--+---------------------------------+------+---------+---------+
       Total:                            2205   760       0      
                                                                 
    C:\ti\ccs1281\ccs\tools\compiler\ti-cgt-c2000_22.6.1.LTS\lib\rts2800_fpu32_eabi.lib
       _printfi.c.obj                    3286   66        0      
       ll_div28.asm.obj                  263    0         0      
       ctype.c.obj                       0      257       0      
       s_scalbn.c.obj                    169    28        0      
       fd_add28.asm.obj                  156    0         0      
       fd_div28.asm.obj                  139    0         0      
       fs_div28.asm.obj                  136    0         0      
       fd_mpy28.asm.obj                  131    0         0      
       s_frexp.c.obj                     90     8         0      
       sprintf.c.obj                     50     0         0      
       atoi.c.obj                        49     0         0      
       _ltoa.c.obj                       48     0         0      
       copy_decompress_lzss.c.obj        48     0         0      
       exit.c.obj                        41     0         6      
       autoinit.c.obj                    43     0         0      
       fd_cmp28.asm.obj                  42     0         0      
       l_div28.asm.obj                   42     0         0      
       s_copysign.c.obj                  36     0         0      
       fd_toi28.asm.obj                  33     0         0      
       fd_tol28.asm.obj                  31     0         0      
       ll_cmp28.asm.obj                  30     0         0      
       i_tofd28.asm.obj                  29     0         0      
       memcpy.c.obj                      29     0         0      
       l_tofd28.asm.obj                  28     0         0      
       ll_aox28.asm.obj                  24     0         0      
       boot28.asm.obj                    23     0         0      
       memccpy.c.obj                     16     0         0      
       fd_sub28.asm.obj                  14     0         0      
       _lock.c.obj                       9      0         4      
       args_main.c.obj                   12     0         0      
       strchr.c.obj                      12     0         0      
       wcslen.c.obj                      11     0         0      
       fd_neg28.asm.obj                  9      0         0      
       copy_decompress_none.c.obj        8      0         0      
       strlen.c.obj                      8      0         0      
       memset.c.obj                      7      0         0      
       strcpy.c.obj                      5      0         0      
       pre_init.c.obj                    2      0         0      
       errno.c.obj                       0      0         1      
       startup.c.obj                     1      0         0      
    +--+---------------------------------+------+---------+---------+
       Total:                            5110   359       11     
                                                                 
       Stack:                            0      0         256    
       Linker Generated:                 0      19        0      
    +--+---------------------------------+------+---------+---------+
       Grand Total:                      8573   1246      274    


LINKER GENERATED COPY TABLES

__TI_cinit_table @ 00083f40 records: 1, size/record: 4, table size: 4
	.data: load addr=00083f30, load size=0000000b bytes, run addr=0000a800, run size=00000012 bytes, compression=lzss


LINKER GENERATED HANDLER TABLE

__TI_handler_table @ 00083f3c records: 2, size/record: 2, table size: 4
	index: 0, handler: __TI_decompress_lzss
	index: 1, handler: __TI_decompress_none


GLOBAL DATA SYMBOLS: SORTED BY DATA PAGE

address     data page           name
--------    ----------------    ----
00000400      10 (00000400)     __stack

0000a800     2a0 (0000a800)     Example_Result
0000a802     2a0 (0000a800)     Example_PassCount
0000a804     2a0 (0000a800)     Example_Fail
0000a806     2a0 (0000a800)     __TI_enable_exit_profile_output
0000a808     2a0 (0000a800)     __TI_cleanup_ptr
0000a80a     2a0 (0000a800)     __TI_dtors_ptr
0000a80c     2a0 (0000a800)     _lock
0000a80e     2a0 (0000a800)     _unlock
0000a810     2a0 (0000a800)     errno
0000a811     2a0 (0000a800)     sendCount

00090000    2400 (00090000)     _ctypes_


GLOBAL SYMBOLS: SORTED ALPHABETICALLY BY Name 

page  address   name                                     
----  -------   ----                                     
0     00083be2  C$$EXIT                                  
0     00082f46  Device_bootCPU2                          
0     00082f15  Device_configureTMXAnalogTrim            
0     00082dc3  Device_enableAllPeripherals              
0     00082eff  Device_enableUnbondedGPIOPullups         
0     00082ee2  Device_enableUnbondedGPIOPullupsFor100Pin
0     00082ecf  Device_enableUnbondedGPIOPullupsFor176Pin
0     00082d70  Device_init                              
0     00082eae  Device_initGPIO                          
1     0000a804  Example_Fail                             
1     0000a802  Example_PassCount                        
1     0000a800  Example_Result                           
0     000830d1  Example_done                             
0     000830cc  Example_setResultFail                    
0     000830c7  Example_setResultPass                    
0     00008000  Flash_initModule                         
0     000839ca  GPIO_setControllerCore                   
0     00083aa1  GPIO_setDirectionMode                    
0     00083a01  GPIO_setPinConfig                        
0     00083a38  GPIO_setQualificationMode                
0     00086128  RamfuncsLoadEnd                          
abs   00000128  RamfuncsLoadSize                         
0     00086000  RamfuncsLoadStart                        
0     00008128  RamfuncsRunEnd                           
abs   00000128  RamfuncsRunSize                          
0     00008000  RamfuncsRunStart                         
0     0008398c  SCI_setConfig                            
0     00008124  SysCtl_delay                             
0     000838f3  SysCtl_getClock                          
0     00083831  SysCtl_getDeviceParametric               
0     00083d85  SysCtl_getLowSpeedClock                  
0     00083944  SysCtl_selectOscSource                   
0     0008360b  SysCtl_selectXTAL                        
0     000830d2  SysCtl_setClock                          
0     00083f40  __TI_CINIT_Base                          
0     00083f44  __TI_CINIT_Limit                         
0     00083f44  __TI_CINIT_Warm                          
0     00083f3c  __TI_Handler_Table_Base                  
0     00083f40  __TI_Handler_Table_Limit                 
1     00000500  __TI_STACK_END                           
abs   00000100  __TI_STACK_SIZE                          
0     00083b63  __TI_auto_init_nobinit_nopinit           
1     0000a808  __TI_cleanup_ptr                         
0     00083b03  __TI_decompress_lzss                     
0     00083f05  __TI_decompress_none                     
1     0000a80a  __TI_dtors_ptr                           
1     0000a806  __TI_enable_exit_profile_output          
0     00083b33  __TI_ltoa                                
abs   ffffffff  __TI_pprof_out_hndl                      
0     00082b51  __TI_printfi                             
abs   ffffffff  __TI_prof_data_size                      
abs   ffffffff  __TI_prof_data_start                     
0     0008356f  __c28xabi_addd                           
0     00083db7  __c28xabi_andll                          
0     00083b8e  __c28xabi_cmpd                           
0     00083cdc  __c28xabi_cmpll                          
0     00083cee  __c28xabi_cmpull                         
0     0008369b  __c28xabi_divd                           
0     00083726  __c28xabi_divf                           
0     00083bb8  __c28xabi_divl                           
0     000832db  __c28xabi_divll                          
0     00083bd5  __c28xabi_divul                          
0     00083351  __c28xabi_divull                         
0     00083c7d  __c28xabi_dtoi                           
0     00083cbd  __c28xabi_dtol                           
0     00083cfa  __c28xabi_itod                           
0     00083d34  __c28xabi_ltod                           
0     00083bc7  __c28xabi_modl                           
0     00083317  __c28xabi_modll                          
0     00083bdc  __c28xabi_modul                          
0     00083380  __c28xabi_modull                         
0     000837ae  __c28xabi_mpyd                           
0     00083ef4  __c28xabi_negd                           
0     00083dbf  __c28xabi_orll                           
0     00083ea6  __c28xabi_subd                           
0     00083dc7  __c28xabi_xorll                          
n/a   UNDEFED   __c_args__                               
0     000830c0  __error__                                
1     00000400  __stack                                  
0     00083eb4  _args_main                               
0     00083de6  _c_int00                                 
0     00090000  _ctypes_                                 
1     0000a80c  _lock                                    
0     00083ef3  _nop                                     
0     00083eef  _register_lock                           
0     00083eeb  _register_unlock                         
0     00083f2a  _system_post_cinit                       
0     00083f28  _system_pre_init                         
1     0000a80e  _unlock                                  
0     00083be2  abort                                    
0     00083ad2  atoi                                     
0     00080000  code_start                               
0     00083c59  copysign                                 
0     00083c59  copysignl                                
1     0000a810  errno                                    
0     00083be4  exit                                     
0     00083899  frexp                                    
0     00083899  frexpl                                   
0     000834c6  ldexp                                    
0     000834c6  ldexpl                                   
0     00083482  main                                     
0     00083e79  memccpy                                  
0     00083d17  memcpy                                   
0     00083f1c  memset                                   
0     000834c6  scalbn                                   
0     000834c6  scalbnl                                  
1     0000a811  sendCount                                
0     00083472  sendString                               
0     00083a6f  sprintf                                  
0     00083ec0  strchr                                   
0     00083f23  strcpy                                   
0     00083f0d  strlen                                   
0     00083ed7  wcslen                                   


GLOBAL SYMBOLS: SORTED BY Symbol Address 

page  address   name                                     
----  -------   ----                                     
0     00008000  Flash_initModule                         
0     00008000  RamfuncsRunStart                         
0     00008124  SysCtl_delay                             
0     00008128  RamfuncsRunEnd                           
0     00080000  code_start                               
0     00082b51  __TI_printfi                             
0     00082d70  Device_init                              
0     00082dc3  Device_enableAllPeripherals              
0     00082eae  Device_initGPIO                          
0     00082ecf  Device_enableUnbondedGPIOPullupsFor176Pin
0     00082ee2  Device_enableUnbondedGPIOPullupsFor100Pin
0     00082eff  Device_enableUnbondedGPIOPullups         
0     00082f15  Device_configureTMXAnalogTrim            
0     00082f46  Device_bootCPU2                          
0     000830c0  __error__                                
0     000830c7  Example_setResultPass                    
0     000830cc  Example_setResultFail                    
0     000830d1  Example_done                             
0     000830d2  SysCtl_setClock                          
0     000832db  __c28xabi_divll                          
0     00083317  __c28xabi_modll                          
0     00083351  __c28xabi_divull                         
0     00083380  __c28xabi_modull                         
0     00083472  sendString                               
0     00083482  main                                     
0     000834c6  ldexp                                    
0     000834c6  ldexpl                                   
0     000834c6  scalbn                                   
0     000834c6  scalbnl                                  
0     0008356f  __c28xabi_addd                           
0     0008360b  SysCtl_selectXTAL                        
0     0008369b  __c28xabi_divd                           
0     00083726  __c28xabi_divf                           
0     000837ae  __c28xabi_mpyd                           
0     00083831  SysCtl_getDeviceParametric               
0     00083899  frexp                                    
0     00083899  frexpl                                   
0     000838f3  SysCtl_getClock                          
0     00083944  SysCtl_selectOscSource                   
0     0008398c  SCI_setConfig                            
0     000839ca  GPIO_setControllerCore                   
0     00083a01  GPIO_setPinConfig                        
0     00083a38  GPIO_setQualificationMode                
0     00083a6f  sprintf                                  
0     00083aa1  GPIO_setDirectionMode                    
0     00083ad2  atoi                                     
0     00083b03  __TI_decompress_lzss                     
0     00083b33  __TI_ltoa                                
0     00083b63  __TI_auto_init_nobinit_nopinit           
0     00083b8e  __c28xabi_cmpd                           
0     00083bb8  __c28xabi_divl                           
0     00083bc7  __c28xabi_modl                           
0     00083bd5  __c28xabi_divul                          
0     00083bdc  __c28xabi_modul                          
0     00083be2  C$$EXIT                                  
0     00083be2  abort                                    
0     00083be4  exit                                     
0     00083c59  copysign                                 
0     00083c59  copysignl                                
0     00083c7d  __c28xabi_dtoi                           
0     00083cbd  __c28xabi_dtol                           
0     00083cdc  __c28xabi_cmpll                          
0     00083cee  __c28xabi_cmpull                         
0     00083cfa  __c28xabi_itod                           
0     00083d17  memcpy                                   
0     00083d34  __c28xabi_ltod                           
0     00083d85  SysCtl_getLowSpeedClock                  
0     00083db7  __c28xabi_andll                          
0     00083dbf  __c28xabi_orll                           
0     00083dc7  __c28xabi_xorll                          
0     00083de6  _c_int00                                 
0     00083e79  memccpy                                  
0     00083ea6  __c28xabi_subd                           
0     00083eb4  _args_main                               
0     00083ec0  strchr                                   
0     00083ed7  wcslen                                   
0     00083eeb  _register_unlock                         
0     00083eef  _register_lock                           
0     00083ef3  _nop                                     
0     00083ef4  __c28xabi_negd                           
0     00083f05  __TI_decompress_none                     
0     00083f0d  strlen                                   
0     00083f1c  memset                                   
0     00083f23  strcpy                                   
0     00083f28  _system_pre_init                         
0     00083f2a  _system_post_cinit                       
0     00083f3c  __TI_Handler_Table_Base                  
0     00083f40  __TI_CINIT_Base                          
0     00083f40  __TI_Handler_Table_Limit                 
0     00083f44  __TI_CINIT_Limit                         
0     00083f44  __TI_CINIT_Warm                          
0     00086000  RamfuncsLoadStart                        
0     00086128  RamfuncsLoadEnd                          
0     00090000  _ctypes_                                 
1     00000400  __stack                                  
1     00000500  __TI_STACK_END                           
1     0000a800  Example_Result                           
1     0000a802  Example_PassCount                        
1     0000a804  Example_Fail                             
1     0000a806  __TI_enable_exit_profile_output          
1     0000a808  __TI_cleanup_ptr                         
1     0000a80a  __TI_dtors_ptr                           
1     0000a80c  _lock                                    
1     0000a80e  _unlock                                  
1     0000a810  errno                                    
1     0000a811  sendCount                                
abs   00000100  __TI_STACK_SIZE                          
abs   00000128  RamfuncsLoadSize                         
abs   00000128  RamfuncsRunSize                          
abs   ffffffff  __TI_pprof_out_hndl                      
abs   ffffffff  __TI_prof_data_size                      
abs   ffffffff  __TI_prof_data_start                     
n/a   UNDEFED   __c_args__                               

[113 symbols]
